19:26:47 **** Incremental Build of configuration Debug for project masb-pot-s-firmware ****
make -j4 all 
arm-none-eabi-gcc "../Core/Src/components/masb_comm_s.c" -mcpu=cortex-m4 -std=gnu11 -g3 -DUSE_HAL_DRIVER -DSTM32F401xE -DDEBUG -c -I../Drivers/CMSIS/Include -I../Core/Inc -I../Drivers/STM32F4xx_HAL_Driver/Inc -I../Drivers/CMSIS/Device/ST/STM32F4xx/Include -I../Drivers/STM32F4xx_HAL_Driver/Inc/Legacy -O0 -ffunction-sections -fdata-sections -Wall -fstack-usage -MMD -MP -MF"Core/Src/components/masb_comm_s.d" -MT"Core/Src/components/masb_comm_s.o" --specs=nano.specs -mfpu=fpv4-sp-d16 -mfloat-abi=hard -mthumb -o "Core/Src/components/masb_comm_s.o"
arm-none-eabi-gcc -o "masb-pot-s-firmware.elf" @"objects.list"   -mcpu=cortex-m4 -T"C:\Users\Laia.LAPTOP-1BS820LB\Desktop\4t\2n quatri\microcontroladors\masb_workspace_Laia\masb-pot-s-marclaia\masb-pot-s-firmware\STM32F401RETX_FLASH.ld" --specs=nosys.specs -Wl,-Map="masb-pot-s-firmware.map" -Wl,--gc-sections -static --specs=nano.specs -mfpu=fpv4-sp-d16 -mfloat-abi=hard -mthumb -Wl,--start-group -lc -lm -Wl,--end-group
Finished building target: masb-pot-s-firmware.elf
 
arm-none-eabi-objdump -h -S  masb-pot-s-firmware.elf  > "masb-pot-s-firmware.list"
arm-none-eabi-objcopy  -O binary  masb-pot-s-firmware.elf  "masb-pot-s-firmware.bin"
arm-none-eabi-size   masb-pot-s-firmware.elf 
   text	   data	    bss	    dec	    hex	filename
  21932	    124	   2256	  24312	   5ef8	masb-pot-s-firmware.elf
Finished building: default.size.stdout
 
Finished building: masb-pot-s-firmware.bin
 
Finished building: masb-pot-s-firmware.list
 
19:27:17 **** Incremental Build of configuration Debug for project masb-pot-s-firmware ****
make -j4 all 
arm-none-eabi-gcc "../Core/Src/components/cyclic_voltammetry.c" -mcpu=cortex-m4 -std=gnu11 -g3 -DUSE_HAL_DRIVER -DSTM32F401xE -DDEBUG -c -I../Drivers/CMSIS/Include -I../Core/Inc -I../Drivers/STM32F4xx_HAL_Driver/Inc -I../Drivers/CMSIS/Device/ST/STM32F4xx/Include -I../Drivers/STM32F4xx_HAL_Driver/Inc/Legacy -O0 -ffunction-sections -fdata-sections -Wall -fstack-usage -MMD -MP -MF"Core/Src/components/cyclic_voltammetry.d" -MT"Core/Src/components/cyclic_voltammetry.o" --specs=nano.specs -mfpu=fpv4-sp-d16 -mfloat-abi=hard -mthumb -o "Core/Src/components/cyclic_voltammetry.o"
../Core/Src/components/cyclic_voltammetry.c:26:8: warning: type defaults to 'int' in declaration of 'bool_samplingPeriod' [-Wimplicit-int]
 extern bool_samplingPeriod;
        ^~~~~~~~~~~~~~~~~~~
arm-none-eabi-gcc -o "masb-pot-s-firmware.elf" @"objects.list"   -mcpu=cortex-m4 -T"C:\Users\Laia.LAPTOP-1BS820LB\Desktop\4t\2n quatri\microcontroladors\masb_workspace_Laia\masb-pot-s-marclaia\masb-pot-s-firmware\STM32F401RETX_FLASH.ld" --specs=nosys.specs -Wl,-Map="masb-pot-s-firmware.map" -Wl,--gc-sections -static --specs=nano.specs -mfpu=fpv4-sp-d16 -mfloat-abi=hard -mthumb -Wl,--start-group -lc -lm -Wl,--end-group
Finished building target: masb-pot-s-firmware.elf
 
arm-none-eabi-objdump -h -S  masb-pot-s-firmware.elf  > "masb-pot-s-firmware.list"
arm-none-eabi-objcopy  -O binary  masb-pot-s-firmware.elf  "masb-pot-s-firmware.bin"
arm-none-eabi-size   masb-pot-s-firmware.elf 
   text	   data	    bss	    dec	    hex	filename
  21932	    124	   2256	  24312	   5ef8	masb-pot-s-firmware.elf
Finished building: default.size.stdout
 
Finished building: masb-pot-s-firmware.bin
 
Finished building: masb-pot-s-firmware.list
 
19:29:12 **** Incremental Build of configuration Debug for project masb-pot-s-firmware ****
make -j4 all 
arm-none-eabi-gcc "../Core/Src/components/cyclic_voltammetry.c" -mcpu=cortex-m4 -std=gnu11 -g3 -DUSE_HAL_DRIVER -DSTM32F401xE -DDEBUG -c -I../Drivers/CMSIS/Include -I../Core/Inc -I../Drivers/STM32F4xx_HAL_Driver/Inc -I../Drivers/CMSIS/Device/ST/STM32F4xx/Include -I../Drivers/STM32F4xx_HAL_Driver/Inc/Legacy -O0 -ffunction-sections -fdata-sections -Wall -fstack-usage -MMD -MP -MF"Core/Src/components/cyclic_voltammetry.d" -MT"Core/Src/components/cyclic_voltammetry.o" --specs=nano.specs -mfpu=fpv4-sp-d16 -mfloat-abi=hard -mthumb -o "Core/Src/components/cyclic_voltammetry.o"
../Core/Src/components/cyclic_voltammetry.c:26:8: warning: type defaults to 'int' in declaration of 'bool_samplingPeriod' [-Wimplicit-int]
 extern bool_samplingPeriod;
        ^~~~~~~~~~~~~~~~~~~
arm-none-eabi-gcc -o "masb-pot-s-firmware.elf" @"objects.list"   -mcpu=cortex-m4 -T"C:\Users\Laia.LAPTOP-1BS820LB\Desktop\4t\2n quatri\microcontroladors\masb_workspace_Laia\masb-pot-s-marclaia\masb-pot-s-firmware\STM32F401RETX_FLASH.ld" --specs=nosys.specs -Wl,-Map="masb-pot-s-firmware.map" -Wl,--gc-sections -static --specs=nano.specs -mfpu=fpv4-sp-d16 -mfloat-abi=hard -mthumb -Wl,--start-group -lc -lm -Wl,--end-group
Finished building target: masb-pot-s-firmware.elf
 
arm-none-eabi-objdump -h -S  masb-pot-s-firmware.elf  > "masb-pot-s-firmware.list"
arm-none-eabi-objcopy  -O binary  masb-pot-s-firmware.elf  "masb-pot-s-firmware.bin"
arm-none-eabi-size   masb-pot-s-firmware.elf 
   text	   data	    bss	    dec	    hex	filename
  21932	    124	   2256	  24312	   5ef8	masb-pot-s-firmware.elf
Finished building: default.size.stdout
Finished building: masb-pot-s-firmware.bin
 
 
Finished building: masb-pot-s-firmware.list
 
22:07:32 **** Incremental Build of configuration Debug for project masb-pot-s-firmware ****
make -j4 all 
arm-none-eabi-gcc "../Core/Src/components/cyclic_voltammetry.c" -mcpu=cortex-m4 -std=gnu11 -g3 -DUSE_HAL_DRIVER -DSTM32F401xE -DDEBUG -c -I../Drivers/CMSIS/Include -I../Core/Inc -I../Drivers/STM32F4xx_HAL_Driver/Inc -I../Drivers/CMSIS/Device/ST/STM32F4xx/Include -I../Drivers/STM32F4xx_HAL_Driver/Inc/Legacy -O0 -ffunction-sections -fdata-sections -Wall -fstack-usage -MMD -MP -MF"Core/Src/components/cyclic_voltammetry.d" -MT"Core/Src/components/cyclic_voltammetry.o" --specs=nano.specs -mfpu=fpv4-sp-d16 -mfloat-abi=hard -mthumb -o "Core/Src/components/cyclic_voltammetry.o"
../Core/Src/components/cyclic_voltammetry.c:26:8: warning: type defaults to 'int' in declaration of 'bool_samplingPeriod' [-Wimplicit-int]
 extern bool_samplingPeriod;
        ^~~~~~~~~~~~~~~~~~~
arm-none-eabi-gcc -o "masb-pot-s-firmware.elf" @"objects.list"   -mcpu=cortex-m4 -T"C:\Users\Laia.LAPTOP-1BS820LB\Desktop\4t\2n quatri\microcontroladors\masb_workspace_Laia\masb-pot-s-marclaia\masb-pot-s-firmware\STM32F401RETX_FLASH.ld" --specs=nosys.specs -Wl,-Map="masb-pot-s-firmware.map" -Wl,--gc-sections -static --specs=nano.specs -mfpu=fpv4-sp-d16 -mfloat-abi=hard -mthumb -Wl,--start-group -lc -lm -Wl,--end-group
Finished building target: masb-pot-s-firmware.elf
 
arm-none-eabi-objdump -h -S  masb-pot-s-firmware.elf  > "masb-pot-s-firmware.list"
arm-none-eabi-objcopy  -O binary  masb-pot-s-firmware.elf  "masb-pot-s-firmware.bin"
arm-none-eabi-size   masb-pot-s-firmware.elf 
   text	   data	    bss	    dec	    hex	filename
  21932	    124	   2256	  24312	   5ef8	masb-pot-s-firmware.elf
Finished building: default.size.stdout
 
Finished building: masb-pot-s-firmware.bin
 
Finished building: masb-pot-s-firmware.list
 
22:09:07 **** Incremental Build of configuration Debug for project masb-pot-s-firmware ****
make -j4 all 
arm-none-eabi-size   masb-pot-s-firmware.elf 
   text	   data	    bss	    dec	    hex	filename
  21932	    124	   2256	  24312	   5ef8	masb-pot-s-firmware.elf
Finished building: default.size.stdout
 
22:10:33 **** Incremental Build of configuration Debug for project masb-pot-s-firmware ****
make -j4 all 
arm-none-eabi-size   masb-pot-s-firmware.elf 
   text	   data	    bss	    dec	    hex	filename
  21932	    124	   2256	  24312	   5ef8	masb-pot-s-firmware.elf
Finished building: default.size.stdout
 
22:15:07 **** Incremental Build of configuration Debug for project masb-pot-s-firmware ****
make -j4 all 
arm-none-eabi-size   masb-pot-s-firmware.elf 
   text	   data	    bss	    dec	    hex	filename
  21932	    124	   2256	  24312	   5ef8	masb-pot-s-firmware.elf
Finished building: default.size.stdout
 
22:16:32 **** Incremental Build of configuration Debug for project masb-pot-s-firmware ****
make -j4 all 
arm-none-eabi-size   masb-pot-s-firmware.elf 
   text	   data	    bss	    dec	    hex	filename
  21932	    124	   2256	  24312	   5ef8	masb-pot-s-firmware.elf
Finished building: default.size.stdout
 
22:23:30 **** Incremental Build of configuration Debug for project masb-pot-s-firmware ****
make -j4 all 
arm-none-eabi-gcc "../Core/Src/components/cyclic_voltammetry.c" -mcpu=cortex-m4 -std=gnu11 -g3 -DUSE_HAL_DRIVER -DSTM32F401xE -DDEBUG -c -I../Drivers/CMSIS/Include -I../Core/Inc -I../Drivers/STM32F4xx_HAL_Driver/Inc -I../Drivers/CMSIS/Device/ST/STM32F4xx/Include -I../Drivers/STM32F4xx_HAL_Driver/Inc/Legacy -O0 -ffunction-sections -fdata-sections -Wall -fstack-usage -MMD -MP -MF"Core/Src/components/cyclic_voltammetry.d" -MT"Core/Src/components/cyclic_voltammetry.o" --specs=nano.specs -mfpu=fpv4-sp-d16 -mfloat-abi=hard -mthumb -o "Core/Src/components/cyclic_voltammetry.o"
../Core/Src/components/cyclic_voltammetry.c:26:8: warning: type defaults to 'int' in declaration of 'bool_samplingPeriod' [-Wimplicit-int]
 extern bool_samplingPeriod;
        ^~~~~~~~~~~~~~~~~~~
arm-none-eabi-gcc -o "masb-pot-s-firmware.elf" @"objects.list"   -mcpu=cortex-m4 -T"C:\Users\Laia.LAPTOP-1BS820LB\Desktop\4t\2n quatri\microcontroladors\masb_workspace_Laia\masb-pot-s-marclaia\masb-pot-s-firmware\STM32F401RETX_FLASH.ld" --specs=nosys.specs -Wl,-Map="masb-pot-s-firmware.map" -Wl,--gc-sections -static --specs=nano.specs -mfpu=fpv4-sp-d16 -mfloat-abi=hard -mthumb -Wl,--start-group -lc -lm -Wl,--end-group
Finished building target: masb-pot-s-firmware.elf
 
arm-none-eabi-objdump -h -S  masb-pot-s-firmware.elf  > "masb-pot-s-firmware.list"
arm-none-eabi-objcopy  -O binary  masb-pot-s-firmware.elf  "masb-pot-s-firmware.bin"
arm-none-eabi-size   masb-pot-s-firmware.elf 
   text	   data	    bss	    dec	    hex	filename
  21828	    124	   2256	  24208	   5e90	masb-pot-s-firmware.elf
Finished building: default.size.stdout
 
Finished building: masb-pot-s-firmware.bin
 
Finished building: masb-pot-s-firmware.list
 
22:24:07 **** Incremental Build of configuration Debug for project masb-pot-s-firmware ****
make -j4 all 
arm-none-eabi-size   masb-pot-s-firmware.elf 
   text	   data	    bss	    dec	    hex	filename
  21828	    124	   2256	  24208	   5e90	masb-pot-s-firmware.elf
Finished building: default.size.stdout
 
22:25:24 **** Incremental Build of configuration Debug for project masb-pot-s-firmware ****
make -j4 all 
arm-none-eabi-gcc "../Core/Src/components/cyclic_voltammetry.c" -mcpu=cortex-m4 -std=gnu11 -g3 -DUSE_HAL_DRIVER -DSTM32F401xE -DDEBUG -c -I../Drivers/CMSIS/Include -I../Core/Inc -I../Drivers/STM32F4xx_HAL_Driver/Inc -I../Drivers/CMSIS/Device/ST/STM32F4xx/Include -I../Drivers/STM32F4xx_HAL_Driver/Inc/Legacy -O0 -ffunction-sections -fdata-sections -Wall -fstack-usage -MMD -MP -MF"Core/Src/components/cyclic_voltammetry.d" -MT"Core/Src/components/cyclic_voltammetry.o" --specs=nano.specs -mfpu=fpv4-sp-d16 -mfloat-abi=hard -mthumb -o "Core/Src/components/cyclic_voltammetry.o"
../Core/Src/components/cyclic_voltammetry.c:26:8: warning: type defaults to 'int' in declaration of 'bool_samplingPeriod' [-Wimplicit-int]
 extern bool_samplingPeriod;
        ^~~~~~~~~~~~~~~~~~~
arm-none-eabi-gcc -o "masb-pot-s-firmware.elf" @"objects.list"   -mcpu=cortex-m4 -T"C:\Users\Laia.LAPTOP-1BS820LB\Desktop\4t\2n quatri\microcontroladors\masb_workspace_Laia\masb-pot-s-marclaia\masb-pot-s-firmware\STM32F401RETX_FLASH.ld" --specs=nosys.specs -Wl,-Map="masb-pot-s-firmware.map" -Wl,--gc-sections -static --specs=nano.specs -mfpu=fpv4-sp-d16 -mfloat-abi=hard -mthumb -Wl,--start-group -lc -lm -Wl,--end-group
Finished building target: masb-pot-s-firmware.elf
 
arm-none-eabi-objdump -h -S  masb-pot-s-firmware.elf  > "masb-pot-s-firmware.list"
arm-none-eabi-objcopy  -O binary  masb-pot-s-firmware.elf  "masb-pot-s-firmware.bin"
arm-none-eabi-size   masb-pot-s-firmware.elf 
   text	   data	    bss	    dec	    hex	filename
  21836	    124	   2256	  24216	   5e98	masb-pot-s-firmware.elf
Finished building: default.size.stdout
 
Finished building: masb-pot-s-firmware.bin
 
Finished building: masb-pot-s-firmware.list
 
22:27:40 **** Incremental Build of configuration Debug for project masb-pot-s-firmware ****
make -j4 all 
arm-none-eabi-gcc "../Core/Src/components/cyclic_voltammetry.c" -mcpu=cortex-m4 -std=gnu11 -g3 -DUSE_HAL_DRIVER -DSTM32F401xE -DDEBUG -c -I../Drivers/CMSIS/Include -I../Core/Inc -I../Drivers/STM32F4xx_HAL_Driver/Inc -I../Drivers/CMSIS/Device/ST/STM32F4xx/Include -I../Drivers/STM32F4xx_HAL_Driver/Inc/Legacy -O0 -ffunction-sections -fdata-sections -Wall -fstack-usage -MMD -MP -MF"Core/Src/components/cyclic_voltammetry.d" -MT"Core/Src/components/cyclic_voltammetry.o" --specs=nano.specs -mfpu=fpv4-sp-d16 -mfloat-abi=hard -mthumb -o "Core/Src/components/cyclic_voltammetry.o"
../Core/Src/components/cyclic_voltammetry.c:26:8: warning: type defaults to 'int' in declaration of 'bool_samplingPeriod' [-Wimplicit-int]
 extern bool_samplingPeriod;
        ^~~~~~~~~~~~~~~~~~~
arm-none-eabi-gcc -o "masb-pot-s-firmware.elf" @"objects.list"   -mcpu=cortex-m4 -T"C:\Users\Laia.LAPTOP-1BS820LB\Desktop\4t\2n quatri\microcontroladors\masb_workspace_Laia\masb-pot-s-marclaia\masb-pot-s-firmware\STM32F401RETX_FLASH.ld" --specs=nosys.specs -Wl,-Map="masb-pot-s-firmware.map" -Wl,--gc-sections -static --specs=nano.specs -mfpu=fpv4-sp-d16 -mfloat-abi=hard -mthumb -Wl,--start-group -lc -lm -Wl,--end-group
Finished building target: masb-pot-s-firmware.elf
 
arm-none-eabi-objdump -h -S  masb-pot-s-firmware.elf  > "masb-pot-s-firmware.list"
arm-none-eabi-objcopy  -O binary  masb-pot-s-firmware.elf  "masb-pot-s-firmware.bin"
arm-none-eabi-size   masb-pot-s-firmware.elf 
   text	   data	    bss	    dec	    hex	filename
  21940	    124	   2256	  24320	   5f00	masb-pot-s-firmware.elf
Finished building: default.size.stdout
 
Finished building: masb-pot-s-firmware.bin
 
Finished building: masb-pot-s-firmware.list
 
22:29:06 **** Incremental Build of configuration Debug for project masb-pot-s-firmware ****
make -j4 all 
arm-none-eabi-gcc "../Core/Src/components/cyclic_voltammetry.c" -mcpu=cortex-m4 -std=gnu11 -g3 -DUSE_HAL_DRIVER -DSTM32F401xE -DDEBUG -c -I../Drivers/CMSIS/Include -I../Core/Inc -I../Drivers/STM32F4xx_HAL_Driver/Inc -I../Drivers/CMSIS/Device/ST/STM32F4xx/Include -I../Drivers/STM32F4xx_HAL_Driver/Inc/Legacy -O0 -ffunction-sections -fdata-sections -Wall -fstack-usage -MMD -MP -MF"Core/Src/components/cyclic_voltammetry.d" -MT"Core/Src/components/cyclic_voltammetry.o" --specs=nano.specs -mfpu=fpv4-sp-d16 -mfloat-abi=hard -mthumb -o "Core/Src/components/cyclic_voltammetry.o"
../Core/Src/components/cyclic_voltammetry.c:26:8: warning: type defaults to 'int' in declaration of 'bool_samplingPeriod' [-Wimplicit-int]
 extern bool_samplingPeriod;
        ^~~~~~~~~~~~~~~~~~~
arm-none-eabi-gcc -o "masb-pot-s-firmware.elf" @"objects.list"   -mcpu=cortex-m4 -T"C:\Users\Laia.LAPTOP-1BS820LB\Desktop\4t\2n quatri\microcontroladors\masb_workspace_Laia\masb-pot-s-marclaia\masb-pot-s-firmware\STM32F401RETX_FLASH.ld" --specs=nosys.specs -Wl,-Map="masb-pot-s-firmware.map" -Wl,--gc-sections -static --specs=nano.specs -mfpu=fpv4-sp-d16 -mfloat-abi=hard -mthumb -Wl,--start-group -lc -lm -Wl,--end-group
Finished building target: masb-pot-s-firmware.elf
 
arm-none-eabi-objdump -h -S  masb-pot-s-firmware.elf  > "masb-pot-s-firmware.list"
arm-none-eabi-objcopy  -O binary  masb-pot-s-firmware.elf  "masb-pot-s-firmware.bin"
arm-none-eabi-size   masb-pot-s-firmware.elf 
   text	   data	    bss	    dec	    hex	filename
  21836	    124	   2256	  24216	   5e98	masb-pot-s-firmware.elf
Finished building: default.size.stdout
 
Finished building: masb-pot-s-firmware.bin
 
Finished building: masb-pot-s-firmware.list
 
22:36:48 **** Incremental Build of configuration Debug for project masb-pot-s-firmware ****
make -j4 all 
arm-none-eabi-gcc "../Core/Src/components/cyclic_voltammetry.c" -mcpu=cortex-m4 -std=gnu11 -g3 -DUSE_HAL_DRIVER -DSTM32F401xE -DDEBUG -c -I../Drivers/CMSIS/Include -I../Core/Inc -I../Drivers/STM32F4xx_HAL_Driver/Inc -I../Drivers/CMSIS/Device/ST/STM32F4xx/Include -I../Drivers/STM32F4xx_HAL_Driver/Inc/Legacy -O0 -ffunction-sections -fdata-sections -Wall -fstack-usage -MMD -MP -MF"Core/Src/components/cyclic_voltammetry.d" -MT"Core/Src/components/cyclic_voltammetry.o" --specs=nano.specs -mfpu=fpv4-sp-d16 -mfloat-abi=hard -mthumb -o "Core/Src/components/cyclic_voltammetry.o"
../Core/Src/components/cyclic_voltammetry.c:26:8: warning: type defaults to 'int' in declaration of 'bool_samplingPeriod' [-Wimplicit-int]
 extern bool_samplingPeriod;
        ^~~~~~~~~~~~~~~~~~~
arm-none-eabi-gcc -o "masb-pot-s-firmware.elf" @"objects.list"   -mcpu=cortex-m4 -T"C:\Users\Laia.LAPTOP-1BS820LB\Desktop\4t\2n quatri\microcontroladors\masb_workspace_Laia\masb-pot-s-marclaia\masb-pot-s-firmware\STM32F401RETX_FLASH.ld" --specs=nosys.specs -Wl,-Map="masb-pot-s-firmware.map" -Wl,--gc-sections -static --specs=nano.specs -mfpu=fpv4-sp-d16 -mfloat-abi=hard -mthumb -Wl,--start-group -lc -lm -Wl,--end-group
Finished building target: masb-pot-s-firmware.elf
 
arm-none-eabi-objdump -h -S  masb-pot-s-firmware.elf  > "masb-pot-s-firmware.list"
arm-none-eabi-objcopy  -O binary  masb-pot-s-firmware.elf  "masb-pot-s-firmware.bin"
arm-none-eabi-size   masb-pot-s-firmware.elf 
   text	   data	    bss	    dec	    hex	filename
  21956	    124	   2256	  24336	   5f10	masb-pot-s-firmware.elf
Finished building: default.size.stdout
 
Finished building: masb-pot-s-firmware.bin
 
Finished building: masb-pot-s-firmware.list
 
22:37:17 **** Incremental Build of configuration Debug for project masb-pot-s-firmware ****
make -j4 all 
arm-none-eabi-size   masb-pot-s-firmware.elf 
   text	   data	    bss	    dec	    hex	filename
  21956	    124	   2256	  24336	   5f10	masb-pot-s-firmware.elf
Finished building: default.size.stdout
 
22:40:38 **** Incremental Build of configuration Debug for project masb-pot-s-firmware ****
make -j4 all 
arm-none-eabi-size   masb-pot-s-firmware.elf 
   text	   data	    bss	    dec	    hex	filename
  21956	    124	   2256	  24336	   5f10	masb-pot-s-firmware.elf
Finished building: default.size.stdout
 
22:41:37 **** Incremental Build of configuration Debug for project masb-pot-s-firmware ****
make -j4 all 
arm-none-eabi-gcc "../Core/Src/components/cyclic_voltammetry.c" -mcpu=cortex-m4 -std=gnu11 -g3 -DUSE_HAL_DRIVER -DSTM32F401xE -DDEBUG -c -I../Drivers/CMSIS/Include -I../Core/Inc -I../Drivers/STM32F4xx_HAL_Driver/Inc -I../Drivers/CMSIS/Device/ST/STM32F4xx/Include -I../Drivers/STM32F4xx_HAL_Driver/Inc/Legacy -O0 -ffunction-sections -fdata-sections -Wall -fstack-usage -MMD -MP -MF"Core/Src/components/cyclic_voltammetry.d" -MT"Core/Src/components/cyclic_voltammetry.o" --specs=nano.specs -mfpu=fpv4-sp-d16 -mfloat-abi=hard -mthumb -o "Core/Src/components/cyclic_voltammetry.o"
../Core/Src/components/cyclic_voltammetry.c:26:8: warning: type defaults to 'int' in declaration of 'bool_samplingPeriod' [-Wimplicit-int]
 extern bool_samplingPeriod;
        ^~~~~~~~~~~~~~~~~~~
arm-none-eabi-gcc -o "masb-pot-s-firmware.elf" @"objects.list"   -mcpu=cortex-m4 -T"C:\Users\Laia.LAPTOP-1BS820LB\Desktop\4t\2n quatri\microcontroladors\masb_workspace_Laia\masb-pot-s-marclaia\masb-pot-s-firmware\STM32F401RETX_FLASH.ld" --specs=nosys.specs -Wl,-Map="masb-pot-s-firmware.map" -Wl,--gc-sections -static --specs=nano.specs -mfpu=fpv4-sp-d16 -mfloat-abi=hard -mthumb -Wl,--start-group -lc -lm -Wl,--end-group
Finished building target: masb-pot-s-firmware.elf
 
arm-none-eabi-objdump -h -S  masb-pot-s-firmware.elf  > "masb-pot-s-firmware.list"
arm-none-eabi-objcopy  -O binary  masb-pot-s-firmware.elf  "masb-pot-s-firmware.bin"
arm-none-eabi-size   masb-pot-s-firmware.elf 
   text	   data	    bss	    dec	    hex	filename
  21956	    124	   2256	  24336	   5f10	masb-pot-s-firmware.elf
Finished building: default.size.stdout
 
Finished building: masb-pot-s-firmware.bin
 
Finished building: masb-pot-s-firmware.list
 
22:44:30 **** Incremental Build of configuration Debug for project masb-pot-s-firmware ****
make -j4 all 
arm-none-eabi-size   masb-pot-s-firmware.elf 
   text	   data	    bss	    dec	    hex	filename
  21956	    124	   2256	  24336	   5f10	masb-pot-s-firmware.elf
Finished building: default.size.stdout
 
22:48:42 **** Incremental Build of configuration Debug for project masb-pot-s-firmware ****
make -j4 all 
arm-none-eabi-size   masb-pot-s-firmware.elf 
   text	   data	    bss	    dec	    hex	filename
  21956	    124	   2256	  24336	   5f10	masb-pot-s-firmware.elf
Finished building: default.size.stdout
 
22:49:23 **** Incremental Build of configuration Debug for project masb-pot-s-firmware ****
make -j4 all 
arm-none-eabi-gcc "../Core/Src/components/cyclic_voltammetry.c" -mcpu=cortex-m4 -std=gnu11 -g3 -DUSE_HAL_DRIVER -DSTM32F401xE -DDEBUG -c -I../Drivers/CMSIS/Include -I../Core/Inc -I../Drivers/STM32F4xx_HAL_Driver/Inc -I../Drivers/CMSIS/Device/ST/STM32F4xx/Include -I../Drivers/STM32F4xx_HAL_Driver/Inc/Legacy -O0 -ffunction-sections -fdata-sections -Wall -fstack-usage -MMD -MP -MF"Core/Src/components/cyclic_voltammetry.d" -MT"Core/Src/components/cyclic_voltammetry.o" --specs=nano.specs -mfpu=fpv4-sp-d16 -mfloat-abi=hard -mthumb -o "Core/Src/components/cyclic_voltammetry.o"
../Core/Src/components/cyclic_voltammetry.c:26:8: warning: type defaults to 'int' in declaration of 'bool_samplingPeriod' [-Wimplicit-int]
 extern bool_samplingPeriod;
        ^~~~~~~~~~~~~~~~~~~
arm-none-eabi-gcc -o "masb-pot-s-firmware.elf" @"objects.list"   -mcpu=cortex-m4 -T"C:\Users\Laia.LAPTOP-1BS820LB\Desktop\4t\2n quatri\microcontroladors\masb_workspace_Laia\masb-pot-s-marclaia\masb-pot-s-firmware\STM32F401RETX_FLASH.ld" --specs=nosys.specs -Wl,-Map="masb-pot-s-firmware.map" -Wl,--gc-sections -static --specs=nano.specs -mfpu=fpv4-sp-d16 -mfloat-abi=hard -mthumb -Wl,--start-group -lc -lm -Wl,--end-group
Finished building target: masb-pot-s-firmware.elf
 
arm-none-eabi-objdump -h -S  masb-pot-s-firmware.elf  > "masb-pot-s-firmware.list"
arm-none-eabi-objcopy  -O binary  masb-pot-s-firmware.elf  "masb-pot-s-firmware.bin"
arm-none-eabi-size   masb-pot-s-firmware.elf 
   text	   data	    bss	    dec	    hex	filename
  21956	    124	   2256	  24336	   5f10	masb-pot-s-firmware.elf
Finished building: default.size.stdout
 
Finished building: masb-pot-s-firmware.bin
 
Finished building: masb-pot-s-firmware.list
 
22:53:06 **** Incremental Build of configuration Debug for project masb-pot-s-firmware ****
make -j4 all 
arm-none-eabi-size   masb-pot-s-firmware.elf 
   text	   data	    bss	    dec	    hex	filename
  21956	    124	   2256	  24336	   5f10	masb-pot-s-firmware.elf
Finished building: default.size.stdout
 
22:58:04 **** Incremental Build of configuration Debug for project masb-pot-s-firmware ****
make -j4 all 
arm-none-eabi-size   masb-pot-s-firmware.elf 
   text	   data	    bss	    dec	    hex	filename
  21956	    124	   2256	  24336	   5f10	masb-pot-s-firmware.elf
Finished building: default.size.stdout
 
22:59:55 **** Incremental Build of configuration Debug for project masb-pot-s-firmware ****
make -j4 all 
arm-none-eabi-gcc "../Core/Src/components/cyclic_voltammetry.c" -mcpu=cortex-m4 -std=gnu11 -g3 -DUSE_HAL_DRIVER -DSTM32F401xE -DDEBUG -c -I../Drivers/CMSIS/Include -I../Core/Inc -I../Drivers/STM32F4xx_HAL_Driver/Inc -I../Drivers/CMSIS/Device/ST/STM32F4xx/Include -I../Drivers/STM32F4xx_HAL_Driver/Inc/Legacy -O0 -ffunction-sections -fdata-sections -Wall -fstack-usage -MMD -MP -MF"Core/Src/components/cyclic_voltammetry.d" -MT"Core/Src/components/cyclic_voltammetry.o" --specs=nano.specs -mfpu=fpv4-sp-d16 -mfloat-abi=hard -mthumb -o "Core/Src/components/cyclic_voltammetry.o"
../Core/Src/components/cyclic_voltammetry.c:26:8: warning: type defaults to 'int' in declaration of 'bool_samplingPeriod' [-Wimplicit-int]
 extern bool_samplingPeriod;
        ^~~~~~~~~~~~~~~~~~~
arm-none-eabi-gcc -o "masb-pot-s-firmware.elf" @"objects.list"   -mcpu=cortex-m4 -T"C:\Users\Laia.LAPTOP-1BS820LB\Desktop\4t\2n quatri\microcontroladors\masb_workspace_Laia\masb-pot-s-marclaia\masb-pot-s-firmware\STM32F401RETX_FLASH.ld" --specs=nosys.specs -Wl,-Map="masb-pot-s-firmware.map" -Wl,--gc-sections -static --specs=nano.specs -mfpu=fpv4-sp-d16 -mfloat-abi=hard -mthumb -Wl,--start-group -lc -lm -Wl,--end-group
Finished building target: masb-pot-s-firmware.elf
 
arm-none-eabi-objdump -h -S  masb-pot-s-firmware.elf  > "masb-pot-s-firmware.list"
arm-none-eabi-objcopy  -O binary  masb-pot-s-firmware.elf  "masb-pot-s-firmware.bin"
arm-none-eabi-size   masb-pot-s-firmware.elf 
   text	   data	    bss	    dec	    hex	filename
  21932	    124	   2256	  24312	   5ef8	masb-pot-s-firmware.elf
Finished building: default.size.stdout
 
Finished building: masb-pot-s-firmware.bin
 
Finished building: masb-pot-s-firmware.list
 
23:02:53 **** Incremental Build of configuration Debug for project masb-pot-s-firmware ****
make -j4 all 
arm-none-eabi-gcc "../Core/Src/components/cyclic_voltammetry.c" -mcpu=cortex-m4 -std=gnu11 -g3 -DUSE_HAL_DRIVER -DSTM32F401xE -DDEBUG -c -I../Drivers/CMSIS/Include -I../Core/Inc -I../Drivers/STM32F4xx_HAL_Driver/Inc -I../Drivers/CMSIS/Device/ST/STM32F4xx/Include -I../Drivers/STM32F4xx_HAL_Driver/Inc/Legacy -O0 -ffunction-sections -fdata-sections -Wall -fstack-usage -MMD -MP -MF"Core/Src/components/cyclic_voltammetry.d" -MT"Core/Src/components/cyclic_voltammetry.o" --specs=nano.specs -mfpu=fpv4-sp-d16 -mfloat-abi=hard -mthumb -o "Core/Src/components/cyclic_voltammetry.o"
../Core/Src/components/cyclic_voltammetry.c:26:8: warning: type defaults to 'int' in declaration of 'bool_samplingPeriod' [-Wimplicit-int]
 extern bool_samplingPeriod;
        ^~~~~~~~~~~~~~~~~~~
../Core/Src/components/cyclic_voltammetry.c: In function 'CV_sendData':
../Core/Src/components/cyclic_voltammetry.c:137:17: error: 'vCell' undeclared (first use in this function); did you mean 'iCell'?
  data.voltage = vCell;
                 ^~~~~
                 iCell
../Core/Src/components/cyclic_voltammetry.c:137:17: note: each undeclared identifier is reported only once for each function it appears in
../Core/Src/components/cyclic_voltammetry.c:125:9: warning: unused variable 'Vcell_real' [-Wunused-variable]
  double Vcell_real = (1.65-Vref)*2;
         ^~~~~~~~~~
make: *** [Core/Src/components/subdir.mk:45: Core/Src/components/cyclic_voltammetry.o] Error 1
"make -j4 all" terminated with exit code 2. Build might be incomplete.
23:03:34 **** Incremental Build of configuration Debug for project masb-pot-s-firmware ****
make -j4 all 
arm-none-eabi-gcc "../Core/Src/components/cyclic_voltammetry.c" -mcpu=cortex-m4 -std=gnu11 -g3 -DUSE_HAL_DRIVER -DSTM32F401xE -DDEBUG -c -I../Drivers/CMSIS/Include -I../Core/Inc -I../Drivers/STM32F4xx_HAL_Driver/Inc -I../Drivers/CMSIS/Device/ST/STM32F4xx/Include -I../Drivers/STM32F4xx_HAL_Driver/Inc/Legacy -O0 -ffunction-sections -fdata-sections -Wall -fstack-usage -MMD -MP -MF"Core/Src/components/cyclic_voltammetry.d" -MT"Core/Src/components/cyclic_voltammetry.o" --specs=nano.specs -mfpu=fpv4-sp-d16 -mfloat-abi=hard -mthumb -o "Core/Src/components/cyclic_voltammetry.o"
../Core/Src/components/cyclic_voltammetry.c:26:8: warning: type defaults to 'int' in declaration of 'bool_samplingPeriod' [-Wimplicit-int]
 extern bool_samplingPeriod;
        ^~~~~~~~~~~~~~~~~~~
../Core/Src/components/cyclic_voltammetry.c: In function 'CV_sendData':
../Core/Src/components/cyclic_voltammetry.c:125:9: warning: unused variable 'Vcell_real' [-Wunused-variable]
  double Vcell_real = (1.65-Vref)*2;
         ^~~~~~~~~~
arm-none-eabi-gcc -o "masb-pot-s-firmware.elf" @"objects.list"   -mcpu=cortex-m4 -T"C:\Users\Laia.LAPTOP-1BS820LB\Desktop\4t\2n quatri\microcontroladors\masb_workspace_Laia\masb-pot-s-marclaia\masb-pot-s-firmware\STM32F401RETX_FLASH.ld" --specs=nosys.specs -Wl,-Map="masb-pot-s-firmware.map" -Wl,--gc-sections -static --specs=nano.specs -mfpu=fpv4-sp-d16 -mfloat-abi=hard -mthumb -Wl,--start-group -lc -lm -Wl,--end-group
Finished building target: masb-pot-s-firmware.elf
 
arm-none-eabi-objdump -h -S  masb-pot-s-firmware.elf  > "masb-pot-s-firmware.list"
arm-none-eabi-objcopy  -O binary  masb-pot-s-firmware.elf  "masb-pot-s-firmware.bin"
arm-none-eabi-size   masb-pot-s-firmware.elf 
   text	   data	    bss	    dec	    hex	filename
  21960	    124	   2264	  24348	   5f1c	masb-pot-s-firmware.elf
Finished building: default.size.stdout
 
Finished building: masb-pot-s-firmware.bin
 
Finished building: masb-pot-s-firmware.list
 
23:04:26 **** Incremental Build of configuration Debug for project masb-pot-s-firmware ****
make -j4 all 
arm-none-eabi-gcc "../Core/Src/components/cyclic_voltammetry.c" -mcpu=cortex-m4 -std=gnu11 -g3 -DUSE_HAL_DRIVER -DSTM32F401xE -DDEBUG -c -I../Drivers/CMSIS/Include -I../Core/Inc -I../Drivers/STM32F4xx_HAL_Driver/Inc -I../Drivers/CMSIS/Device/ST/STM32F4xx/Include -I../Drivers/STM32F4xx_HAL_Driver/Inc/Legacy -O0 -ffunction-sections -fdata-sections -Wall -fstack-usage -MMD -MP -MF"Core/Src/components/cyclic_voltammetry.d" -MT"Core/Src/components/cyclic_voltammetry.o" --specs=nano.specs -mfpu=fpv4-sp-d16 -mfloat-abi=hard -mthumb -o "Core/Src/components/cyclic_voltammetry.o"
../Core/Src/components/cyclic_voltammetry.c:26:8: warning: type defaults to 'int' in declaration of 'bool_samplingPeriod' [-Wimplicit-int]
 extern bool_samplingPeriod;
        ^~~~~~~~~~~~~~~~~~~
../Core/Src/components/cyclic_voltammetry.c: In function 'CV_sendData':
../Core/Src/components/cyclic_voltammetry.c:125:9: warning: unused variable 'Vcell_real' [-Wunused-variable]
  double Vcell_real = (1.65-Vref)*2;
         ^~~~~~~~~~
arm-none-eabi-gcc -o "masb-pot-s-firmware.elf" @"objects.list"   -mcpu=cortex-m4 -T"C:\Users\Laia.LAPTOP-1BS820LB\Desktop\4t\2n quatri\microcontroladors\masb_workspace_Laia\masb-pot-s-marclaia\masb-pot-s-firmware\STM32F401RETX_FLASH.ld" --specs=nosys.specs -Wl,-Map="masb-pot-s-firmware.map" -Wl,--gc-sections -static --specs=nano.specs -mfpu=fpv4-sp-d16 -mfloat-abi=hard -mthumb -Wl,--start-group -lc -lm -Wl,--end-group
Finished building target: masb-pot-s-firmware.elf
 
arm-none-eabi-objdump -h -S  masb-pot-s-firmware.elf  > "masb-pot-s-firmware.list"
arm-none-eabi-objcopy  -O binary  masb-pot-s-firmware.elf  "masb-pot-s-firmware.bin"
arm-none-eabi-size   masb-pot-s-firmware.elf 
   text	   data	    bss	    dec	    hex	filename
  21980	    124	   2264	  24368	   5f30	masb-pot-s-firmware.elf
Finished building: default.size.stdout
 
Finished building: masb-pot-s-firmware.bin
 
Finished building: masb-pot-s-firmware.list
 
23:06:01 **** Incremental Build of configuration Debug for project masb-pot-s-firmware ****
make -j4 all 
arm-none-eabi-gcc "../Core/Src/components/cyclic_voltammetry.c" -mcpu=cortex-m4 -std=gnu11 -g3 -DUSE_HAL_DRIVER -DSTM32F401xE -DDEBUG -c -I../Drivers/CMSIS/Include -I../Core/Inc -I../Drivers/STM32F4xx_HAL_Driver/Inc -I../Drivers/CMSIS/Device/ST/STM32F4xx/Include -I../Drivers/STM32F4xx_HAL_Driver/Inc/Legacy -O0 -ffunction-sections -fdata-sections -Wall -fstack-usage -MMD -MP -MF"Core/Src/components/cyclic_voltammetry.d" -MT"Core/Src/components/cyclic_voltammetry.o" --specs=nano.specs -mfpu=fpv4-sp-d16 -mfloat-abi=hard -mthumb -o "Core/Src/components/cyclic_voltammetry.o"
../Core/Src/components/cyclic_voltammetry.c:26:8: warning: type defaults to 'int' in declaration of 'bool_samplingPeriod' [-Wimplicit-int]
 extern bool_samplingPeriod;
        ^~~~~~~~~~~~~~~~~~~
../Core/Src/components/cyclic_voltammetry.c: In function 'CV_sendData':
../Core/Src/components/cyclic_voltammetry.c:125:9: warning: unused variable 'Vcell_real' [-Wunused-variable]
  double Vcell_real = (1.65-Vref)*2;
         ^~~~~~~~~~
arm-none-eabi-gcc -o "masb-pot-s-firmware.elf" @"objects.list"   -mcpu=cortex-m4 -T"C:\Users\Laia.LAPTOP-1BS820LB\Desktop\4t\2n quatri\microcontroladors\masb_workspace_Laia\masb-pot-s-marclaia\masb-pot-s-firmware\STM32F401RETX_FLASH.ld" --specs=nosys.specs -Wl,-Map="masb-pot-s-firmware.map" -Wl,--gc-sections -static --specs=nano.specs -mfpu=fpv4-sp-d16 -mfloat-abi=hard -mthumb -Wl,--start-group -lc -lm -Wl,--end-group
Finished building target: masb-pot-s-firmware.elf
 
arm-none-eabi-objdump -h -S  masb-pot-s-firmware.elf  > "masb-pot-s-firmware.list"
arm-none-eabi-objcopy  -O binary  masb-pot-s-firmware.elf  "masb-pot-s-firmware.bin"
arm-none-eabi-size   masb-pot-s-firmware.elf 
   text	   data	    bss	    dec	    hex	filename
  21960	    124	   2264	  24348	   5f1c	masb-pot-s-firmware.elf
Finished building: default.size.stdout
 
Finished building: masb-pot-s-firmware.bin
 
Finished building: masb-pot-s-firmware.list
 
23:06:53 **** Incremental Build of configuration Debug for project masb-pot-s-firmware ****
make -j4 all 
arm-none-eabi-size   masb-pot-s-firmware.elf 
   text	   data	    bss	    dec	    hex	filename
  21960	    124	   2264	  24348	   5f1c	masb-pot-s-firmware.elf
Finished building: default.size.stdout
 
23:08:07 **** Incremental Build of configuration Debug for project masb-pot-s-firmware ****
make -j4 all 
arm-none-eabi-size   masb-pot-s-firmware.elf 
   text	   data	    bss	    dec	    hex	filename
  21960	    124	   2264	  24348	   5f1c	masb-pot-s-firmware.elf
Finished building: default.size.stdout
 
23:09:15 **** Incremental Build of configuration Debug for project masb-pot-s-firmware ****
make -j4 all 
arm-none-eabi-size   masb-pot-s-firmware.elf 
   text	   data	    bss	    dec	    hex	filename
  21960	    124	   2264	  24348	   5f1c	masb-pot-s-firmware.elf
Finished building: default.size.stdout
 
23:11:33 **** Incremental Build of configuration Debug for project masb-pot-s-firmware ****
make -j4 all 
arm-none-eabi-gcc "../Core/Src/components/cyclic_voltammetry.c" -mcpu=cortex-m4 -std=gnu11 -g3 -DUSE_HAL_DRIVER -DSTM32F401xE -DDEBUG -c -I../Drivers/CMSIS/Include -I../Core/Inc -I../Drivers/STM32F4xx_HAL_Driver/Inc -I../Drivers/CMSIS/Device/ST/STM32F4xx/Include -I../Drivers/STM32F4xx_HAL_Driver/Inc/Legacy -O0 -ffunction-sections -fdata-sections -Wall -fstack-usage -MMD -MP -MF"Core/Src/components/cyclic_voltammetry.d" -MT"Core/Src/components/cyclic_voltammetry.o" --specs=nano.specs -mfpu=fpv4-sp-d16 -mfloat-abi=hard -mthumb -o "Core/Src/components/cyclic_voltammetry.o"
../Core/Src/components/cyclic_voltammetry.c:26:8: warning: type defaults to 'int' in declaration of 'bool_samplingPeriod' [-Wimplicit-int]
 extern bool_samplingPeriod;
        ^~~~~~~~~~~~~~~~~~~
../Core/Src/components/cyclic_voltammetry.c: In function 'CV_sendData':
../Core/Src/components/cyclic_voltammetry.c:125:9: warning: unused variable 'Vcell_real' [-Wunused-variable]
  double Vcell_real = (1.65-Vref)*2;
         ^~~~~~~~~~
arm-none-eabi-gcc -o "masb-pot-s-firmware.elf" @"objects.list"   -mcpu=cortex-m4 -T"C:\Users\Laia.LAPTOP-1BS820LB\Desktop\4t\2n quatri\microcontroladors\masb_workspace_Laia\masb-pot-s-marclaia\masb-pot-s-firmware\STM32F401RETX_FLASH.ld" --specs=nosys.specs -Wl,-Map="masb-pot-s-firmware.map" -Wl,--gc-sections -static --specs=nano.specs -mfpu=fpv4-sp-d16 -mfloat-abi=hard -mthumb -Wl,--start-group -lc -lm -Wl,--end-group
Finished building target: masb-pot-s-firmware.elf
 
arm-none-eabi-objdump -h -S  masb-pot-s-firmware.elf  > "masb-pot-s-firmware.list"
arm-none-eabi-objcopy  -O binary  masb-pot-s-firmware.elf  "masb-pot-s-firmware.bin"
arm-none-eabi-size   masb-pot-s-firmware.elf 
   text	   data	    bss	    dec	    hex	filename
  21960	    124	   2264	  24348	   5f1c	masb-pot-s-firmware.elf
Finished building: default.size.stdout
 
Finished building: masb-pot-s-firmware.bin
 
Finished building: masb-pot-s-firmware.list
 
23:12:28 **** Incremental Build of configuration Debug for project masb-pot-s-firmware ****
make -j4 all 
arm-none-eabi-size   masb-pot-s-firmware.elf 
   text	   data	    bss	    dec	    hex	filename
  21960	    124	   2264	  24348	   5f1c	masb-pot-s-firmware.elf
Finished building: default.size.stdout
 
23:13:46 **** Incremental Build of configuration Debug for project masb-pot-s-firmware ****
make -j4 all 
arm-none-eabi-gcc "../Core/Src/components/cyclic_voltammetry.c" -mcpu=cortex-m4 -std=gnu11 -g3 -DUSE_HAL_DRIVER -DSTM32F401xE -DDEBUG -c -I../Drivers/CMSIS/Include -I../Core/Inc -I../Drivers/STM32F4xx_HAL_Driver/Inc -I../Drivers/CMSIS/Device/ST/STM32F4xx/Include -I../Drivers/STM32F4xx_HAL_Driver/Inc/Legacy -O0 -ffunction-sections -fdata-sections -Wall -fstack-usage -MMD -MP -MF"Core/Src/components/cyclic_voltammetry.d" -MT"Core/Src/components/cyclic_voltammetry.o" --specs=nano.specs -mfpu=fpv4-sp-d16 -mfloat-abi=hard -mthumb -o "Core/Src/components/cyclic_voltammetry.o"
../Core/Src/components/cyclic_voltammetry.c:26:8: warning: type defaults to 'int' in declaration of 'bool_samplingPeriod' [-Wimplicit-int]
 extern bool_samplingPeriod;
        ^~~~~~~~~~~~~~~~~~~
../Core/Src/components/cyclic_voltammetry.c: In function 'CV_sendData':
../Core/Src/components/cyclic_voltammetry.c:125:9: warning: unused variable 'Vcell_real' [-Wunused-variable]
  double Vcell_real = (1.65-Vref)*2;
         ^~~~~~~~~~
arm-none-eabi-gcc -o "masb-pot-s-firmware.elf" @"objects.list"   -mcpu=cortex-m4 -T"C:\Users\Laia.LAPTOP-1BS820LB\Desktop\4t\2n quatri\microcontroladors\masb_workspace_Laia\masb-pot-s-marclaia\masb-pot-s-firmware\STM32F401RETX_FLASH.ld" --specs=nosys.specs -Wl,-Map="masb-pot-s-firmware.map" -Wl,--gc-sections -static --specs=nano.specs -mfpu=fpv4-sp-d16 -mfloat-abi=hard -mthumb -Wl,--start-group -lc -lm -Wl,--end-group
Finished building target: masb-pot-s-firmware.elf
 
arm-none-eabi-objdump -h -S  masb-pot-s-firmware.elf  > "masb-pot-s-firmware.list"
arm-none-eabi-objcopy  -O binary  masb-pot-s-firmware.elf  "masb-pot-s-firmware.bin"
arm-none-eabi-size   masb-pot-s-firmware.elf 
   text	   data	    bss	    dec	    hex	filename
  21960	    124	   2264	  24348	   5f1c	masb-pot-s-firmware.elf
Finished building: default.size.stdout
 
Finished building: masb-pot-s-firmware.bin
 
Finished building: masb-pot-s-firmware.list
 
23:14:28 **** Incremental Build of configuration Debug for project masb-pot-s-firmware ****
make -j4 all 
arm-none-eabi-size   masb-pot-s-firmware.elf 
   text	   data	    bss	    dec	    hex	filename
  21960	    124	   2264	  24348	   5f1c	masb-pot-s-firmware.elf
Finished building: default.size.stdout
 
23:16:43 **** Incremental Build of configuration Debug for project masb-pot-s-firmware ****
make -j4 all 
arm-none-eabi-size   masb-pot-s-firmware.elf 
   text	   data	    bss	    dec	    hex	filename
  21960	    124	   2264	  24348	   5f1c	masb-pot-s-firmware.elf
Finished building: default.size.stdout
 
23:19:49 **** Incremental Build of configuration Debug for project masb-pot-s-firmware ****
make -j4 all 
arm-none-eabi-size   masb-pot-s-firmware.elf 
   text	   data	    bss	    dec	    hex	filename
  21960	    124	   2264	  24348	   5f1c	masb-pot-s-firmware.elf
Finished building: default.size.stdout
 
23:20:41 **** Incremental Build of configuration Debug for project masb-pot-s-firmware ****
make -j4 all 
arm-none-eabi-size   masb-pot-s-firmware.elf 
   text	   data	    bss	    dec	    hex	filename
  21960	    124	   2264	  24348	   5f1c	masb-pot-s-firmware.elf
Finished building: default.size.stdout
 
23:21:29 **** Incremental Build of configuration Debug for project masb-pot-s-firmware ****
make -j4 all 
arm-none-eabi-size   masb-pot-s-firmware.elf 
   text	   data	    bss	    dec	    hex	filename
  21960	    124	   2264	  24348	   5f1c	masb-pot-s-firmware.elf
Finished building: default.size.stdout
 
23:22:06 **** Incremental Build of configuration Debug for project masb-pot-s-firmware ****
make -j4 all 
arm-none-eabi-size   masb-pot-s-firmware.elf 
   text	   data	    bss	    dec	    hex	filename
  21960	    124	   2264	  24348	   5f1c	masb-pot-s-firmware.elf
Finished building: default.size.stdout
 
23:23:21 **** Incremental Build of configuration Debug for project masb-pot-s-firmware ****
make -j4 all 
arm-none-eabi-size   masb-pot-s-firmware.elf 
   text	   data	    bss	    dec	    hex	filename
  21960	    124	   2264	  24348	   5f1c	masb-pot-s-firmware.elf
Finished building: default.size.stdout
 
23:24:05 **** Incremental Build of configuration Debug for project masb-pot-s-firmware ****
make -j4 all 
arm-none-eabi-size   masb-pot-s-firmware.elf 
   text	   data	    bss	    dec	    hex	filename
  21960	    124	   2264	  24348	   5f1c	masb-pot-s-firmware.elf
Finished building: default.size.stdout
 
23:27:49 **** Incremental Build of configuration Debug for project masb-pot-s-firmware ****
make -j4 all 
arm-none-eabi-size   masb-pot-s-firmware.elf 
   text	   data	    bss	    dec	    hex	filename
  21960	    124	   2264	  24348	   5f1c	masb-pot-s-firmware.elf
Finished building: default.size.stdout
 
23:31:33 **** Incremental Build of configuration Debug for project masb-pot-s-firmware ****
make -j4 all 
arm-none-eabi-gcc "../Core/Src/components/cyclic_voltammetry.c" -mcpu=cortex-m4 -std=gnu11 -g3 -DUSE_HAL_DRIVER -DSTM32F401xE -DDEBUG -c -I../Drivers/CMSIS/Include -I../Core/Inc -I../Drivers/STM32F4xx_HAL_Driver/Inc -I../Drivers/CMSIS/Device/ST/STM32F4xx/Include -I../Drivers/STM32F4xx_HAL_Driver/Inc/Legacy -O0 -ffunction-sections -fdata-sections -Wall -fstack-usage -MMD -MP -MF"Core/Src/components/cyclic_voltammetry.d" -MT"Core/Src/components/cyclic_voltammetry.o" --specs=nano.specs -mfpu=fpv4-sp-d16 -mfloat-abi=hard -mthumb -o "Core/Src/components/cyclic_voltammetry.o"
../Core/Src/components/cyclic_voltammetry.c:26:8: warning: type defaults to 'int' in declaration of 'bool_samplingPeriod' [-Wimplicit-int]
 extern bool_samplingPeriod;
        ^~~~~~~~~~~~~~~~~~~
../Core/Src/components/cyclic_voltammetry.c: In function 'CV_sendData':
../Core/Src/components/cyclic_voltammetry.c:125:9: warning: unused variable 'Vcell_real' [-Wunused-variable]
  double Vcell_real = (1.65-Vref)*2;
         ^~~~~~~~~~
arm-none-eabi-gcc -o "masb-pot-s-firmware.elf" @"objects.list"   -mcpu=cortex-m4 -T"C:\Users\Laia.LAPTOP-1BS820LB\Desktop\4t\2n quatri\microcontroladors\masb_workspace_Laia\masb-pot-s-marclaia\masb-pot-s-firmware\STM32F401RETX_FLASH.ld" --specs=nosys.specs -Wl,-Map="masb-pot-s-firmware.map" -Wl,--gc-sections -static --specs=nano.specs -mfpu=fpv4-sp-d16 -mfloat-abi=hard -mthumb -Wl,--start-group -lc -lm -Wl,--end-group
Finished building target: masb-pot-s-firmware.elf
 
arm-none-eabi-objdump -h -S  masb-pot-s-firmware.elf  > "masb-pot-s-firmware.list"
arm-none-eabi-objcopy  -O binary  masb-pot-s-firmware.elf  "masb-pot-s-firmware.bin"
arm-none-eabi-size   masb-pot-s-firmware.elf 
   text	   data	    bss	    dec	    hex	filename
  21968	    124	   2264	  24356	   5f24	masb-pot-s-firmware.elf
Finished building: default.size.stdout
 
Finished building: masb-pot-s-firmware.bin
 
Finished building: masb-pot-s-firmware.list
 
23:31:44 **** Incremental Build of configuration Debug for project masb-pot-s-firmware ****
make -j4 all 
arm-none-eabi-size   masb-pot-s-firmware.elf 
   text	   data	    bss	    dec	    hex	filename
  21968	    124	   2264	  24356	   5f24	masb-pot-s-firmware.elf
Finished building: default.size.stdout
 
23:32:36 **** Incremental Build of configuration Debug for project masb-pot-s-firmware ****
make -j4 all 
arm-none-eabi-size   masb-pot-s-firmware.elf 
   text	   data	    bss	    dec	    hex	filename
  21968	    124	   2264	  24356	   5f24	masb-pot-s-firmware.elf
Finished building: default.size.stdout
 
23:33:17 **** Incremental Build of configuration Debug for project masb-pot-s-firmware ****
make -j4 all 
arm-none-eabi-size   masb-pot-s-firmware.elf 
   text	   data	    bss	    dec	    hex	filename
  21968	    124	   2264	  24356	   5f24	masb-pot-s-firmware.elf
Finished building: default.size.stdout
 
