19:23:07 **** Incremental Build of configuration Debug for project masb-pot-s-firmware ****
make -j4 all 
arm-none-eabi-gcc "../Core/Src/components/stm32main.c" -mcpu=cortex-m4 -std=gnu11 -g3 -DUSE_HAL_DRIVER -DSTM32F401xE -DDEBUG -c -I../Core/Inc -I../Drivers/STM32F4xx_HAL_Driver/Inc -I../Drivers/STM32F4xx_HAL_Driver/Inc/Legacy -I../Drivers/CMSIS/Device/ST/STM32F4xx/Include -I../Drivers/CMSIS/Include -O0 -ffunction-sections -fdata-sections -Wall -fstack-usage -MMD -MP -MF"Core/Src/components/stm32main.d" -MT"Core/Src/components/stm32main.o" --specs=nano.specs -mfpu=fpv4-sp-d16 -mfloat-abi=hard -mthumb -o "Core/Src/components/stm32main.o"
arm-none-eabi-gcc "../Core/Src/main.c" -mcpu=cortex-m4 -std=gnu11 -g3 -DUSE_HAL_DRIVER -DSTM32F401xE -DDEBUG -c -I../Core/Inc -I../Drivers/STM32F4xx_HAL_Driver/Inc -I../Drivers/STM32F4xx_HAL_Driver/Inc/Legacy -I../Drivers/CMSIS/Device/ST/STM32F4xx/Include -I../Drivers/CMSIS/Include -O0 -ffunction-sections -fdata-sections -Wall -fstack-usage -MMD -MP -MF"Core/Src/main.d" -MT"Core/Src/main.o" --specs=nano.specs -mfpu=fpv4-sp-d16 -mfloat-abi=hard -mthumb -o "Core/Src/main.o"
arm-none-eabi-gcc -o "masb-pot-s-firmware.elf" @"objects.list"   -mcpu=cortex-m4 -T"C:\Users\Laia.LAPTOP-1BS820LB\Desktop\4t\2n quatri\microcontroladors\masb_workspace_Laia\masb-pot-s-marclaia\masb-pot-s-firmware\STM32F401RETX_FLASH.ld" --specs=nosys.specs -Wl,-Map="masb-pot-s-firmware.map" -Wl,--gc-sections -static --specs=nano.specs -mfpu=fpv4-sp-d16 -mfloat-abi=hard -mthumb -Wl,--start-group -lc -lm -Wl,--end-group
Finished building target: masb-pot-s-firmware.elf
 
arm-none-eabi-size   masb-pot-s-firmware.elf 
arm-none-eabi-objdump -h -S  masb-pot-s-firmware.elf  > "masb-pot-s-firmware.list"
arm-none-eabi-objcopy  -O binary  masb-pot-s-firmware.elf  "masb-pot-s-firmware.bin"
   text	   data	    bss	    dec	    hex	filename
  10752	     20	   1844	  12616	   3148	masb-pot-s-firmware.elf
Finished building: default.size.stdout
 
Finished building: masb-pot-s-firmware.bin
 
Finished building: masb-pot-s-firmware.list
 

19:23:09 Build Finished. 0 errors, 0 warnings. (took 1s.708ms)

